// Jest Snapshot v1, https://goo.gl/fbAQLP

exports[`Renders GenderSelector 1`] = `
<View
  style={
    Object {
      "alignItems": "center",
      "flexDirection": "column",
      "justifyContent": "center",
      "marginBottom": 45,
      "marginTop": 5,
    }
  }
>
  <Text
    accessible={true}
    allowFontScaling={true}
    ellipsizeMode="tail"
    style={
      Object {
        "color": "white",
        "fontSize": 30,
        "marginBottom": 15,
        "marginTop": 40,
      }
    }
  >
    I am:
  </Text>
  // Selector
  <View
    style={
      Object {
        "alignItems": "center",
        "flexDirection": "row",
        "justifyContent": "center",
      }
    }
  >
    <View
      accessibilityComponentType={undefined}
      accessibilityLabel={undefined}
      accessibilityTraits={undefined}
      accessible={true}
      collapsable={undefined}
      hasTVPreferredFocus={undefined}
      hitSlop={undefined}
      isTVSelectable={true}
      nativeID={undefined}
      onLayout={undefined}
      onResponderGrant={[Function]}
      onResponderMove={[Function]}
      onResponderRelease={[Function]}
      onResponderTerminate={[Function]}
      onResponderTerminationRequest={[Function]}
      onStartShouldSetResponder={[Function]}
      style={
        Object {
          "opacity": 1,
        }
      }
      testID={undefined}
      tvParallaxProperties={undefined}
    >
      <Text
        accessible={true}
        allowFontScaling={true}
        ellipsizeMode="tail"
        style={
          Object {
            "borderColor": "rgba(255, 255, 255, 0.7)",
            "borderRadius": 10,
            "borderWidth": 1,
            "color": "rgba(255, 255, 255, 0.7)",
            "fontSize": 20,
            "marginLeft": 15,
            "overflow": "hidden",
            "padding": 5,
          }
        }
      >
        Male
      </Text>
    </View>
    <View
      accessibilityComponentType={undefined}
      accessibilityLabel={undefined}
      accessibilityTraits={undefined}
      accessible={true}
      collapsable={undefined}
      hasTVPreferredFocus={undefined}
      hitSlop={undefined}
      isTVSelectable={true}
      nativeID={undefined}
      onLayout={undefined}
      onResponderGrant={[Function]}
      onResponderMove={[Function]}
      onResponderRelease={[Function]}
      onResponderTerminate={[Function]}
      onResponderTerminationRequest={[Function]}
      onStartShouldSetResponder={[Function]}
      style={
        Object {
          "opacity": 1,
        }
      }
      testID={undefined}
      tvParallaxProperties={undefined}
    >
      <Text
        accessible={true}
        allowFontScaling={true}
        ellipsizeMode="tail"
        style={
          Object {
            "borderColor": "rgba(255, 255, 255, 0.7)",
            "borderRadius": 10,
            "borderWidth": 1,
            "color": "rgba(255, 255, 255, 0.7)",
            "fontSize": 20,
            "marginLeft": 15,
            "overflow": "hidden",
            "padding": 5,
          }
        }
      >
        Female
      </Text>
    </View>
  </View>
</View>
`;
