// Jest Snapshot v1, https://goo.gl/fbAQLP

exports[`Renders Default InterestsItem 1`] = `
<View
  accessibilityComponentType={undefined}
  accessibilityLabel={undefined}
  accessibilityTraits={undefined}
  accessible={true}
  collapsable={undefined}
  hasTVPreferredFocus={undefined}
  hitSlop={undefined}
  isTVSelectable={true}
  nativeID={undefined}
  onLayout={undefined}
  onResponderGrant={[Function]}
  onResponderMove={[Function]}
  onResponderRelease={[Function]}
  onResponderTerminate={[Function]}
  onResponderTerminationRequest={[Function]}
  onStartShouldSetResponder={[Function]}
  style={
    Object {
      "opacity": 1,
    }
  }
  testID={undefined}
  tvParallaxProperties={undefined}
>
  <View
    style={
      Object {
        "alignItems": "center",
        "borderColor": "white",
        "borderRadius": 10,
        "borderWidth": 1,
        "flexDirection": "row",
        "justifyContent": "center",
        "margin": 5,
        "padding": 5,
      }
    }
  >
    // Optional: add image preview here
    <View
      style={
        Object {
          "alignItems": "flex-start",
          "flexDirection": "column",
          "marginLeft": 5,
        }
      }
    >
      <Text
        accessible={true}
        allowFontScaling={true}
        ellipsizeMode="tail"
        style={
          Object {
            "color": "white",
            "fontSize": 20,
          }
        }
      >
        The Office
      </Text>
      <Text
        accessible={true}
        allowFontScaling={true}
        ellipsizeMode="tail"
        style={
          Object {
            "color": "rgba(255, 255, 255, 0.9)",
            "fontSize": 15,
          }
        }
      >
        American Sitcom
      </Text>
    </View>
  </View>
</View>
`;
