// Jest Snapshot v1, https://goo.gl/fbAQLP

exports[`Renders Default LoginButton 1`] = `
<View
  accessibilityComponentType={undefined}
  accessibilityLabel={undefined}
  accessibilityTraits={undefined}
  accessible={true}
  collapsable={undefined}
  hasTVPreferredFocus={undefined}
  hitSlop={undefined}
  isTVSelectable={true}
  nativeID={undefined}
  onLayout={undefined}
  onResponderGrant={[Function]}
  onResponderMove={[Function]}
  onResponderRelease={[Function]}
  onResponderTerminate={[Function]}
  onResponderTerminationRequest={[Function]}
  onStartShouldSetResponder={[Function]}
  style={
    Object {
      "opacity": 1,
    }
  }
  testID={undefined}
  tvParallaxProperties={undefined}
>
  <View
    style={
      Object {
        "alignItems": "center",
        "backgroundColor": "#fff",
        "borderRadius": 10,
        "flexDirection": "row",
        "justifyContent": "center",
        "padding": 15,
        "shadowColor": "black",
        "shadowOffset": Object {
          "height": 8,
        },
        "shadowOpacity": 0.15,
        "shadowRadius": 9,
      }
    }
  >
    <Text
      accessible={true}
      allowFontScaling={true}
      ellipsizeMode="tail"
    />
    <Text
      accessible={true}
      allowFontScaling={true}
      ellipsizeMode="tail"
      style={
        Object {
          "color": "#21ACA5",
          "fontSize": 20,
        }
      }
    >
      Continue with Facebook
    </Text>
  </View>
</View>
`;
