// Jest Snapshot v1, https://goo.gl/fbAQLP

exports[`Renders Styled text 1`] = `
<Text
  accessible={true}
  allowFontScaling={true}
  ellipsizeMode="tail"
  style={
    Array [
      undefined,
      Object {
        "fontFamily": "orkney-regular",
      },
    ]
  }
>
  Snapshot test!
</Text>
`;
