// Jest Snapshot v1, https://goo.gl/fbAQLP

exports[`Renders Default TabBarIcon 1`] = `
<Text
  accessible={true}
  allowFontScaling={true}
  ellipsizeMode="tail"
/>
`;
